// Jest Snapshot v1, https://goo.gl/fbAQLP

exports[`Pruebas en GiftItem debe hacer match con el snapshot 1`] = `
<div>
  <div
    class="card"
  >
    <img
      alt="title"
      src="https://imgs.com/img.jpg"
    />
    <p>
      title
    </p>
  </div>
</div>
`;
